src/components/CreateActions.vue(24,63): error TS2554: Expected 1-2 arguments, but got 3.
src/components/ThemeToggle.vue(12,7): error TS6133: 'props' is declared but its value is never read.
src/components/ui/drawer/Drawer.vue(16,42): error TS2698: Spread types may only be created from object types.
src/pages/register/index.vue(298,70): error TS6133: 'password' is declared but its value is never read.
src/pages/search/index.vue(14,41): error TS6133: 'SubTodo' is declared but its value is never read.
src/pages/search/index.vue(165,7): error TS6133: 'handleDelete' is declared but its value is never read.
src/router/index.ts(12,26): error TS6133: 'from' is declared but its value is never read.
src/router/index.ts(32,21): error TS6133: 'to' is declared but its value is never read.
src/router/index.ts(32,25): error TS6133: 'from' is declared but its value is never read.
